[iqonic.design/themes/sofbox/color/index.html]
[backblue.gif]
[fade.gif]
[index.html]
[iqonic.design/themes/sofbox/color/images/favicon.ico]
[iqonic.design/themes/sofbox/color/css/bootstrap.min.css]
[iqonic.design/themes/sofbox/color/css/owl-carousel/owl.carousel.css]
[iqonic.design/themes/sofbox/color/css/font-awesome.css]
[iqonic.design/themes/sofbox/color/css/magnific-popup/magnific-popup.css]
[iqonic.design/themes/sofbox/color/css/mediaelementplayer.min.css]
[iqonic.design/themes/sofbox/color/css/animate.css]
[iqonic.design/themes/sofbox/color/css/ionicons.min.css]
[iqonic.design/themes/sofbox/color/css/style.css]
[iqonic.design/themes/sofbox/color/css/responsive.css]
[iqonic.design/themes/sofbox/color/css/custom.css]
[iqonic.design/themes/sofbox/color/css/style-customizer.css]
[iqonic.design/themes/sofbox/color/images/logo.png]
[iqonic.design/themes/sofbox/color/images/bg/01.jpg]
[iqonic.design/themes/sofbox/color/images/banner/01.png]
[iqonic.design/themes/sofbox/color/images/drive/03.png]
[iqonic.design/themes/sofbox/color/images/services/icon1.png]
[iqonic.design/themes/sofbox/color/images/services/icon2.png]
[iqonic.design/themes/sofbox/color/images/services/icon3.png]
[iqonic.design/themes/sofbox/color/images/drive/01.png]
[iqonic.design/themes/sofbox/color/images/drive/02.png]
[iqonic.design/themes/sofbox/color/images/drive/04.png]
[iqonic.design/themes/sofbox/color/images/drive/05.png]
[iqonic.design/themes/sofbox/color/images/bg/07.jpg]
[iqonic.design/themes/sofbox/color/images/screenshots/01.jpg]
[iqonic.design/themes/sofbox/color/images/screenshots/02.jpg]
[iqonic.design/themes/sofbox/color/images/screenshots/03.jpg]
[iqonic.design/themes/sofbox/color/images/screenshots/04.jpg]
[iqonic.design/themes/sofbox/color/images/screenshots/05.jpg]
[iqonic.design/themes/sofbox/color/images/screenshots/06.jpg]
[iqonic.design/themes/sofbox/color/images/drive/06.png]
[iqonic.design/themes/sofbox/color/images/bg/02.jpg]
[iqonic.design/themes/sofbox/color/images/drive/07.png]
[iqonic.design/themes/sofbox/color/images/testimonial/01.jpg]
[iqonic.design/themes/sofbox/color/images/testimonial/02.jpg]
[iqonic.design/themes/sofbox/color/images/testimonial/03.jpg]
[iqonic.design/themes/sofbox/color/images/bg/08.jpg]
[iqonic.design/themes/sofbox/color/images/team/01.jpg]
[iqonic.design/themes/sofbox/color/images/team/02.jpg]
[iqonic.design/themes/sofbox/color/images/team/03.jpg]
[iqonic.design/themes/sofbox/color/images/team/04.jpg]
[iqonic.design/themes/sofbox/color/images/bg/05.jpg]
[iqonic.design/themes/sofbox/color/images/drive/10.png]
[iqonic.design/themes/sofbox/color/images/blog/01.jpg]
[iqonic.design/themes/sofbox/color/video/01.jpg]
[iqonic.design/themes/sofbox/color/video/01.webm]
[iqonic.design/themes/sofbox/color/video/01.ogv]
[iqonic.design/themes/sofbox/color/blog-single.html]
[iqonic.design/themes/sofbox/color/images/blog/03.jpg]
[iqonic.design/themes/sofbox/color/images/blog/02.jpg]
[iqonic.design/themes/sofbox/color/images/clients/01.png]
[iqonic.design/themes/sofbox/color/images/clients/02.png]
[iqonic.design/themes/sofbox/color/images/clients/03.png]
[iqonic.design/themes/sofbox/color/images/clients/04.png]
[iqonic.design/themes/sofbox/color/images/clients/05.png]
[iqonic.design/themes/sofbox/color/images/clients/06.png]
[iqonic.design/themes/sofbox/color/images/clients/07.png]
[iqonic.design/themes/sofbox/color/images/clients/08.png]
[iqonic.design/themes/sofbox/color/images/clients/09.png]
[iqonic.design/cdn-cgi/scripts/5c5dd728/cloudflare-static/email-decode.min.js]
[iqonic.design/themes/sofbox/color/js/jquery-3.3.1.min.js]
[iqonic.design/themes/sofbox/color/js/popper.min.js]
[iqonic.design/themes/sofbox/color/js/bootstrap.min.js]
[iqonic.design/themes/sofbox/color/js/main.js]
[www.google.com/recaptcha/api.js]
[iqonic.design/themes/sofbox/color/js/custom.js]
[iqonic.design/themes/sofbox/color/js/style-customizer.js]
[iqonic.design/themes/sofbox/color/index.html]
[iqonic.design/themes/sofbox/color/css/bootstrap.min.css]
[iqonic.design/themes/sofbox/color/css/owl-carousel/owl.carousel.css]
[iqonic.design/themes/sofbox/color/css/owl-carousel/owl.video.play.html]
[iqonic.design/themes/sofbox/color/fonts/fontawesome-webfont3e6e.eot]
[iqonic.design/themes/sofbox/color/fonts/fontawesome-webfontd41d.eot]
[iqonic.design/themes/sofbox/color/fonts/fontawesome-webfont3e6e.woff]
[iqonic.design/themes/sofbox/color/fonts/fontawesome-webfont3e6e.ttf]
[iqonic.design/themes/sofbox/color/css/font-awesome.css]
[iqonic.design/themes/sofbox/color/css/magnific-popup/magnific-popup.css]
[iqonic.design/themes/sofbox/color/images/blog-controls.png]
[iqonic.design/themes/sofbox/color/css/mediaelementplayer.min.css]
[iqonic.design/themes/sofbox/color/css/animate.css]
[iqonic.design/themes/sofbox/color/fonts/fontawesome-webfont3e6e.svg]
[iqonic.design/themes/sofbox/color/fonts/ionicons28b5.eot]
[iqonic.design/themes/sofbox/color/fonts/ionicons28b5.ttf]
[iqonic.design/themes/sofbox/color/fonts/ionicons28b5.woff]
[iqonic.design/themes/sofbox/color/css/ionicons.min.css]
[iqonic.design/themes/sofbox/color/images/banner/02.png]
[iqonic.design/themes/sofbox/color/fonts/ionicons28b5.svg]
[iqonic.design/themes/sofbox/color/images/banner/14.png]
[iqonic.design/themes/sofbox/color/images/banner/04.png]
[iqonic.design/themes/sofbox/color/images/banner/06.png]
[iqonic.design/themes/sofbox/color/images/drive/09.png]
[iqonic.design/themes/sofbox/color/images/drive/11.png]
[iqonic.design/themes/sofbox/color/images/drive/12.png]
[iqonic.design/themes/sofbox/color/images/arrow/dashed-arrow1.png]
[iqonic.design/themes/sofbox/color/images/arrow/dashed-arrow2.png]
[iqonic.design/themes/sofbox/color/css/style.css]
[iqonic.design/themes/sofbox/color/css/responsive.css]
[iqonic.design/themes/sofbox/color/css/custom.css]
[iqonic.design/themes/sofbox/color/css/style-customizer.css]
[iqonic.design/themes/sofbox/color/video/01.html]
[iqonic.design/themes/sofbox/color/blog-single.html]
[iqonic.design/themes/sofbox/color/css/owl-carousel/owl.video.play.html]
[iqonic.design/themes/sofbox/color/fonts/fontawesome-webfont3e6e.html]
[iqonic.design/themes/sofbox/color/fonts/fontawesome-webfont3e6e.svg]
[iqonic.design/themes/sofbox/color/fonts/ionicons28b5.svg]
